[www.finalistsporveturizm.com/index.html]
[www.finalistsporveturizm.com/assets/css/bootstrap.min.css]
[www.finalistsporveturizm.com/assets/css/owl.theme.default.min.css]
[www.finalistsporveturizm.com/assets/css/owl.carousel.min.css]
[www.finalistsporveturizm.com/assets/css/animate.min.css]
[www.finalistsporveturizm.com/assets/css/boxicons.min.css]
[www.finalistsporveturizm.com/assets/css/meanmenu.css]
[www.finalistsporveturizm.com/assets/css/nice-select.min.css]
[www.finalistsporveturizm.com/assets/css/style.css]
[www.finalistsporveturizm.com/assets/css/responsive.css]
[backblue.gif]
[fade.gif]
[index.html]
[www.finalistsporveturizm.com/assets/css/rtl.css]
[www.finalistsporveturizm.com/logo/2021-01-143764497065.png]
[www.finalistsporveturizm.com/welcome/maincat/20/طريق_الى_الاحتراف_الخارجي_.html]
[www.finalistsporveturizm.com/welcome/maincat/21/اكاديمية_صقل_المواهب_العربية_-_براعم_-_ناشئين_-_شباب_.html]
[www.finalistsporveturizm.com/welcome/maincat/22/خدمات_رياضية_عامة_.html]
[www.finalistsporveturizm.com/welcome/maincat/23/إدارة_الاندية_للوصول_الى_منصات_التتويج_والعالمية_.html]
[www.finalistsporveturizm.com/welcome/our_vision.html]
[www.finalistsporveturizm.com/welcome/whomus.html]
[www.finalistsporveturizm.com/welcome/contact.html]
[www.finalistsporveturizm.com/flags/sa.png]
[www.finalistsporveturizm.com/welcome/en.html]
[www.finalistsporveturizm.com/flags/us.png]
[www.finalistsporveturizm.com/welcome/ar.html]
[www.finalistsporveturizm.com/welcome/fr.html]
[www.finalistsporveturizm.com/flags/fr.png]
[www.finalistsporveturizm.com/images/slider/SL167008F9561.jpg]
[www.finalistsporveturizm.com/images/slider/QA167009Y1365.jpg]
[www.finalistsporveturizm.com/images/GT162043L8350.png]
[www.finalistsporveturizm.com/welcome/maincat/20/طريق الى الاحتراف الخارجي.html]
[www.finalistsporveturizm.com/welcome/second/21/تسويق اللاعبيين الموهوبيين.html]
[www.finalistsporveturizm.com/images/maincats/PM162008B1612.jpg]
[www.finalistsporveturizm.com/welcome/second/22/معسكرات تدريبية بهدف انتقاء اللاعبيين.html]
[www.finalistsporveturizm.com/images/maincats/IP162008V2214.jpg]
[www.finalistsporveturizm.com/welcome/maincat/21/اكاديمية صقل المواهب العربية - براعم - ناشئين - شباب.html]
[www.finalistsporveturizm.com/welcome/second/23/تعليم كرة القدم للبراعم.html]
[www.finalistsporveturizm.com/images/maincats/EY162013O4664.jpg]
[www.finalistsporveturizm.com/welcome/second/27/قسم الناشئين والشباب.html]
[www.finalistsporveturizm.com/images/maincats/JV162013G4970.jpg]
[www.finalistsporveturizm.com/welcome/maincat/22/خدمات رياضية عامة.html]
[www.finalistsporveturizm.com/welcome/second/25/الدورات تدريبية.html]
[www.finalistsporveturizm.com/images/maincats/NX162013N5237.jpg]
[www.finalistsporveturizm.com/welcome/second/26/معسكرات الاندية والاكاديميات.html]
[www.finalistsporveturizm.com/images/maincats/ST162013F5672.png]
[www.finalistsporveturizm.com/welcome/maincat/23/إدارة الاندية للوصول الى منصات التتويج والعالمية.html]
[www.finalistsporveturizm.com/welcome/second/24/كيفية ادارة الاندية.html]
[www.finalistsporveturizm.com/images/maincats/PB162013X5868.jpg]
[www.finalistsporveturizm.com/images/clients/JM167009Z0470.png]
[www.finalistsporveturizm.com/images/clients/AL167009Y2083.png]
[www.finalistsporveturizm.com/images/clients/UX167009Y2098.png]
[www.finalistsporveturizm.com/images/clients/FE167009Z2185.png]
[www.finalistsporveturizm.com/welcome/contactus.html]
[www.finalistsporveturizm.com/cdn-cgi/l/email-protection.html]
[www.finalistsporveturizm.com/admin_assets/ar.png]
[www.finalistsporveturizm.com/cdn-cgi/scripts/5c5dd728/cloudflare-static/email-decode.min.js]
[www.finalistsporveturizm.com/assets/js/jquery-3.5.1.slim.min.js]
[www.finalistsporveturizm.com/assets/js/popper.min.js]
[www.finalistsporveturizm.com/assets/js/bootstrap.min.js]
[www.finalistsporveturizm.com/assets/js/owl.carousel.min.js]
[www.finalistsporveturizm.com/assets/js/meanmenu.js]
[www.finalistsporveturizm.com/assets/js/wow.min.js]
[www.finalistsporveturizm.com/assets/js/jquery.nice-select.min.js]
[www.finalistsporveturizm.com/assets/js/jquery.ajaxchimp.min.js]
[www.finalistsporveturizm.com/assets/js/form-validator.min.js]
[www.finalistsporveturizm.com/assets/js/contact-form-script.js]
[www.finalistsporveturizm.com/assets/js/custom.js]
[www.google.com/recaptcha/api.js]
[www.finalistsporveturizm.com/index.html]
[www.finalistsporveturizm.com/assets/css/bootstrap.min.css]
[www.finalistsporveturizm.com/assets/css/owl.theme.default.min.css]
[www.finalistsporveturizm.com/assets/css/owl.video.play.png]
[www.finalistsporveturizm.com/assets/css/owl.carousel.min.css]
[www.finalistsporveturizm.com/assets/css/animate.min.css]
[www.finalistsporveturizm.com/assets/fonts/boxicons.eot]
[www.finalistsporveturizm.com/assets/fonts/boxicons.woff2]
[www.finalistsporveturizm.com/assets/fonts/boxicons.woff]
[www.finalistsporveturizm.com/assets/fonts/boxicons.ttf]
[www.finalistsporveturizm.com/assets/css/boxicons.min.css]
[www.finalistsporveturizm.com/assets/css/meanmenu.css]
[www.finalistsporveturizm.com/assets/css/nice-select.min.css]
[www.finalistsporveturizm.com/assets/fonts/boxiconsd41d.svg]
[www.finalistsporveturizm.com/assets/img/shape/price-shape.png]
[www.finalistsporveturizm.com/assets/img/shape/1.png]
[www.finalistsporveturizm.com/assets/img/testimonail/shape1.png]
[www.finalistsporveturizm.com/assets/img/home2/1.jpg]
[www.finalistsporveturizm.com/assets/img/home2/2.jpg]
[www.finalistsporveturizm.com/assets/img/home2/3.jpg]
[www.finalistsporveturizm.com/assets/img/testimonail/bg-shape2.png]
[www.finalistsporveturizm.com/assets/img/inner-banner/1.jpg]
[www.finalistsporveturizm.com/assets/img/inner-banner/2.jpg]
[www.finalistsporveturizm.com/assets/img/inner-banner/3.jpg]
[www.finalistsporveturizm.com/assets/img/inner-banner/4.jpg]
[www.finalistsporveturizm.com/assets/img/inner-banner/5.jpg]
[www.finalistsporveturizm.com/assets/img/inner-banner/6.jpg]
[www.finalistsporveturizm.com/assets/img/inner-banner/7.jpg]
[www.finalistsporveturizm.com/assets/img/inner-banner/8.jpg]
[www.finalistsporveturizm.com/assets/img/inner-banner/9.jpg]
[www.finalistsporveturizm.com/assets/img/inner-banner/10.jpg]
[www.finalistsporveturizm.com/assets/img/inner-banner/11.jpg]
[www.finalistsporveturizm.com/assets/img/inner-banner/12.jpg]
[www.finalistsporveturizm.com/assets/img/blog/4.jpg]
[www.finalistsporveturizm.com/assets/img/blog/5.jpg]
[www.finalistsporveturizm.com/assets/img/blog/6.jpg]
[www.finalistsporveturizm.com/assets/img/blog/1.jpg]
[www.finalistsporveturizm.com/assets/css/style.css]
[www.finalistsporveturizm.com/assets/css/responsive.css]
[www.finalistsporveturizm.com/assets/css/rtl.css]
[www.finalistsporveturizm.com/admin_assets/4.jpg]
[www.finalistsporveturizm.com/images/maincats/LO162008P1374.jpg]
[www.finalistsporveturizm.com/welcome/second/21/تسويق_اللاعبيين_الموهوبيين_.html]
[www.finalistsporveturizm.com/welcome/maincat/20/طريق_الى_الاحتراف_الخارجي_.html]
[www.finalistsporveturizm.com/welcome/second/22/معسكرات_تدريبية_بهدف_انتقاء_اللاعبيين_.html]
[www.finalistsporveturizm.com/welcome/second/23/تعليم_كرة_القدم_للبراعم_.html]
[www.finalistsporveturizm.com/welcome/maincat/21/اكاديمية_صقل_المواهب_العربية_-_براعم_-_ناشئين_-_شباب_.html]
[www.finalistsporveturizm.com/welcome/second/27/قسم_الناشئين_والشباب_.html]
[www.finalistsporveturizm.com/admin_assets/11.jpg]
[www.finalistsporveturizm.com/welcome/second/25/الدورات_تدريبية_.html]
[www.finalistsporveturizm.com/welcome/maincat/22/خدمات_رياضية_عامة_.html]
[www.finalistsporveturizm.com/welcome/second/26/معسكرات_الاندية_والاكاديميات_.html]
[www.finalistsporveturizm.com/admin_assets/6.jpg]
[www.finalistsporveturizm.com/welcome/maincat/23/إدارة_الاندية_للوصول_الى_منصات_التتويج_والعالمية_.html]
[www.finalistsporveturizm.com/welcome/our_vision.html]
[www.finalistsporveturizm.com/welcome/second/24/كيفية_ادارة_الاندية_.html]
[www.finalistsporveturizm.com/admin_assets/9.jpg]
[www.finalistsporveturizm.com/welcome/whomus.html]
[www.finalistsporveturizm.com/welcome/contact.html]
[www.finalistsporveturizm.com/welcome/en.html]
[www.finalistsporveturizm.com/welcome/ar.html]
[www.finalistsporveturizm.com/welcome/fr.html]
[www.finalistsporveturizm.com/welcome/maincat/20/Un_chemin_vers_le_professionnalisme_externe.html]
[www.finalistsporveturizm.com/welcome/maincat/21/Arab_Talents_Glue_Academy_-_Baraem_-_Jeunes_-_Jeunes.html]
[www.finalistsporveturizm.com/welcome/maincat/22/Services_sportifs_généraux.html]
[www.finalistsporveturizm.com/welcome/maincat/23/La_direction_du_club_pour_atteindre_le_sacre_et_les_podiums_mondiaux.html]
[www.finalistsporveturizm.com/admin_assets/7.jpg]
[www.finalistsporveturizm.com/welcome/second/21/Marketing_de_joueurs_talentueux.html]
[www.finalistsporveturizm.com/welcome/maincat/20/طريق الى الاحتراف الخارجي.html]
[www.finalistsporveturizm.com/admin_assets/3.jpg]
[www.finalistsporveturizm.com/welcome/second/21/تسويق اللاعبيين الموهوبيين.html]
[www.finalistsporveturizm.com/welcome/maincat/20/Un chemin vers le professionnalisme externe.html]
[www.finalistsporveturizm.com/admin_assets/5.jpg]
[www.finalistsporveturizm.com/images/maincats/OX162013T6329.jpg]
[www.finalistsporveturizm.com/images/maincats/PM162013V6348.png]
[www.finalistsporveturizm.com/welcome/second/22/معسكرات تدريبية بهدف انتقاء اللاعبيين.html]
[www.finalistsporveturizm.com/welcome/second/23/Enseigner_le_football_aux_bourgeons.html]
[www.finalistsporveturizm.com/welcome/maincat/21/اكاديمية صقل المواهب العربية - براعم - ناشئين - شباب.html]
[www.finalistsporveturizm.com/welcome/second/27/Département_Junior_et_Jeunesse.html]
[www.finalistsporveturizm.com/welcome/maincat/21/Arab Talents Glue Academy - Baraem - Jeunes - Jeunes.html]
[www.finalistsporveturizm.com/images/maincats/DH162013H4665.jpg]
[www.finalistsporveturizm.com/welcome/second/23/تعليم كرة القدم للبراعم.html]
[www.finalistsporveturizm.com/welcome/second/27/قسم الناشئين والشباب.html]
[www.finalistsporveturizm.com/admin_assets/1.jpg]
[www.finalistsporveturizm.com/welcome/second/25/Cours_de_formation.html]
[www.finalistsporveturizm.com/welcome/maincat/22/خدمات رياضية عامة.html]
[www.finalistsporveturizm.com/welcome/second/26/Camps_de_clubs_et_académies.html]
[www.finalistsporveturizm.com/admin_assets/8.jpg]
[www.finalistsporveturizm.com/welcome/maincat/22/Services sportifs généraux.html]
[www.finalistsporveturizm.com/images/maincats/XT162013H6806.jpg]
[www.finalistsporveturizm.com/images/maincats/CH162013F6806.jpg]
[www.finalistsporveturizm.com/images/maincats/GO162013U6806.jpg]
[www.finalistsporveturizm.com/images/maincats/GZ162013U6806.jpg]
[www.finalistsporveturizm.com/images/maincats/HV162013M6806.jpg]
[www.finalistsporveturizm.com/images/maincats/RE162013G6806.jpg]
[www.finalistsporveturizm.com/images/maincats/OO162013W6806.jpg]
[www.finalistsporveturizm.com/images/maincats/GD162013Z6806.jpg]
[www.finalistsporveturizm.com/images/maincats/ZN162013M6807.jpg]
[www.finalistsporveturizm.com/images/maincats/RL162013L6807.jpg]
[www.finalistsporveturizm.com/welcome/second/25/الدورات تدريبية.html]
[www.finalistsporveturizm.com/welcome/second/26/معسكرات الاندية والاكاديميات.html]
[www.finalistsporveturizm.com/welcome/maincat/23/إدارة الاندية للوصول الى منصات التتويج والعالمية.html]
[www.finalistsporveturizm.com/welcome/second/24/Comment_gérer_des_clubs.html]
[www.finalistsporveturizm.com/welcome/second/24/كيفية ادارة الاندية.html]
[www.finalistsporveturizm.com/welcome/contactus.html]
[www.finalistsporveturizm.com/cdn-cgi/l/email-protection.html]
[www.finalistsporveturizm.com/assets/css/owl.video.play.html]
[www.finalistsporveturizm.com/assets/fonts/boxiconsd41d.svg]
[www.finalistsporveturizm.com/assets/img/shape/price-shape.html]
[www.finalistsporveturizm.com/welcome/second/21/تسويق_اللاعبيين_الموهوبيين_.html]
[www.finalistsporveturizm.com/welcome/second/22/معسكرات_تدريبية_بهدف_انتقاء_اللاعبيين_.html]
[www.finalistsporveturizm.com/welcome/maincat/23/La direction du club pour atteindre le sacre et les podiums mondiaux.html]
[www.finalistsporveturizm.com/admin_assets/10.jpg]
[www.finalistsporveturizm.com/welcome/second/23/تعليم_كرة_القدم_للبراعم_.html]
[www.finalistsporveturizm.com/admin_assets/2.jpg]
[www.finalistsporveturizm.com/welcome/second/27/قسم_الناشئين_والشباب_.html]
[www.finalistsporveturizm.com/welcome/second/25/الدورات_تدريبية_.html]
[www.finalistsporveturizm.com/welcome/second/26/معسكرات_الاندية_والاكاديميات_.html]
[www.finalistsporveturizm.com/welcome/second/24/كيفية_ادارة_الاندية_.html]
[www.finalistsporveturizm.com/welcome/maincat/20/Un_chemin_vers_le_professionnalisme_externe.html]
[www.finalistsporveturizm.com/welcome/maincat/21/Arab_Talents_Glue_Academy_-_Baraem_-_Jeunes_-_Jeunes.html]
[www.finalistsporveturizm.com/welcome/maincat/22/Services_sportifs_généraux.html]
[www.finalistsporveturizm.com/welcome/maincat/23/La_direction_du_club_pour_atteindre_le_sacre_et_les_podiums_mondiaux.html]
[www.finalistsporveturizm.com/welcome/second/21/Marketing_de_joueurs_talentueux.html]
[www.finalistsporveturizm.com/welcome/second/22/Camps_d'entraînement_pour_sélectionner_les_joueurs.html]
[www.finalistsporveturizm.com/welcome/maincat/20/Un chemin vers le professionnalisme externe.html]
[www.finalistsporveturizm.com/welcome/second/23/Enseigner_le_football_aux_bourgeons.html]
[www.finalistsporveturizm.com/welcome/second/27/Département_Junior_et_Jeunesse.html]
[www.finalistsporveturizm.com/welcome/maincat/21/Arab Talents Glue Academy - Baraem - Jeunes - Jeunes.html]
[www.finalistsporveturizm.com/welcome/second/25/Cours_de_formation.html]
[www.finalistsporveturizm.com/welcome/second/26/Camps_de_clubs_et_académies.html]
[www.finalistsporveturizm.com/welcome/maincat/22/Services sportifs généraux.html]
[www.finalistsporveturizm.com/welcome/second/24/Comment_gérer_des_clubs.html]
[www.finalistsporveturizm.com/welcome/maincat/23/La direction du club pour atteindre le sacre et les podiums mondiaux.html]
